[2026-06-25 10:52:01] Pushed: Auto-sync 2026-06-25 10:51
[2026-06-25 10:59:07] Pushed: Auto-sync 2026-06-25 10:59
[2026-06-25 10:59:35] Pushed: Auto-sync 2026-06-25 10:59
[2026-06-25 11:24:03] ERROR: warning: in the working copy of 'Projects/Career Hub Management.md', LF will be replaced by CRLF the next time Git touches it
[2026-06-26 11:19:56] ERROR: git push failed: fatal: unable to access 'https://github.com/chanyinkwan/sync-obsidian/': Failed to connect to github.com port 443 after 356 ms: Could not connect to server
[2026-06-29 08:47:45] No changes to commit.
[2026-06-29 17:00:30] ERROR: git push failed: fatal: unable to access 'https://github.com/chanyinkwan/sync-obsidian/': Failed to connect to github.com port 443 after 21047 ms: Could not connect to server
[2026-07-02 09:51:15] Pushed: Auto-sync 2026-07-02 09:51
[2026-07-03 08:43:04] ERROR: git push failed: fatal: unable to access 'https://github.com/chanyinkwan/sync-obsidian/': Failed to connect to github.com:443 after 21120 ms: Could not connect to server
[2026-07-03 17:00:04] Pushed: Auto-sync 2026-07-03 17:00
[2026-07-06 17:00:05] Pushed: Auto-sync 2026-07-06 17:00
[2026-07-08 08:49:05] Pushed: Auto-sync 2026-07-08 08:49
[2026-07-08 17:00:05] Pushed: Auto-sync 2026-07-08 17:00
[2026-07-09 17:00:08] Pushed: Auto-sync 2026-07-09 17:00
[2026-07-12 10:44:36] Pushed: Auto-sync 2026-07-12 10:44
[2026-07-14 08:45:24] Pushed: Auto-sync 2026-07-14 08:44
[2026-07-14 17:00:05] Pushed: Auto-sync 2026-07-14 17:00
[2026-07-16 08:43:33] ERROR: git push failed: fatal: unable to access 'https://github.com/chanyinkwan/sync-obsidian/': Failed to connect to github.com:443 after 21132 ms: Could not connect to server
[2026-07-16 17:00:46] Pushed: Auto-sync 2026-07-16 17:00
[2026-07-19 10:54:29] ERROR: git push failed: fatal: unable to access 'https://github.com/chanyinkwan/sync-obsidian/': Could not resolve host: github.com
[2026-07-20 17:01:16] Pushed: Auto-sync 2026-07-20 17:00
[2026-07-21 17:00:16] Pushed: Auto-sync 2026-07-21 17:00
[2026-07-22 17:00:07] Pushed: Auto-sync 2026-07-22 17:00
[2026-07-24 17:00:09] Pushed: Auto-sync 2026-07-24 17:00
[2026-07-27 17:01:55] Pushed: Auto-sync 2026-07-27 17:00
[2026-07-28 17:00:17] ERROR: git push failed: fatal: unable to access 'https://github.com/chanyinkwan/sync-obsidian/': Failed to connect to github.com:443 after 12958 ms: Could not connect to server
[2026-07-29 17:16:59] Pushed: Auto-sync 2026-07-29 17:16
[2026-07-30 17:00:07] ERROR: git push failed: fatal: unable to access 'https://github.com/chanyinkwan/sync-obsidian/': Failed to connect to github.com:443 after 2325 ms: Could not connect to server
[2026-07-31 17:00:05] ERROR: git push failed: fatal: unable to access 'https://github.com/chanyinkwan/sync-obsidian/': Failed to connect to github.com:443 after 2772 ms: Could not connect to server
[2026-08-03 17:00:09] ERROR: git push failed: fatal: unable to access 'https://github.com/chanyinkwan/sync-obsidian/': Failed to connect to github.com:443 after 340 ms: Could not connect to server
